This is a test private log.
